== registering admin ==
admin registered
== registering user ==
user registered
== login user (should succeed) ==
user role: USER
== login with wrong password (expect LOGIN_FAILED) ==
got 401: The remote server returned an error: (401) Unauthorized.
== login admin ==
admin role: USER
== PUT /api/kyc/profile (user) ==
Invoke-RestMethod : 
Error
Cannot POST /api/kyc/profile
At 
C:\Users\HP\Desktop\project-work-money\backend_logic\test-admin-api.ps1:11 
char:10
+   return Invoke-RestMethod -Uri $url -Method Post -Headers $headers - ...
+          ~~~~~~~~~~~~~~~~~~~~~~~~~~~~~~~~~~~~~~~~~~~~~~~~~~~~~~~~~~~~
    + CategoryInfo          : InvalidOperation: (System.Net.HttpWebRequest: 
   HttpWebRequest) [Invoke-RestMethod], WebException
    + FullyQualifiedErrorId : WebCmdletWebResponseException,Microsoft.Power 
   Shell.Commands.InvokeRestMethodCommand
